// Jest Snapshot v1, https://goo.gl/fbAQLP

exports[`Pruebas en useFectch Debe mostrarse correctamente 1`] = `
<div>
  <h1>
    Breaking Bad Quotes
  </h1>
  <hr />
  <div
    className="lds-facebook"
  >
    <div />
    <div />
    <div />
  </div>
  <button
    className="btn btn-primary"
    onClick={[Function]}
  >
    Siguiente Blackquote
  </button>
</div>
`;
