// Jest Snapshot v1, https://goo.gl/fbAQLP

exports[`Pruebas del ToDoAdd debe mostrarse correctamente 1`] = `
<Fragment>
  <h4>
    Agregar TO DO
  </h4>
  <hr />
  <form
    onSubmit={[Function]}
  >
    <div
      className="d-grid gap-2"
    >
      <input
        autoComplete="off"
        className="form-control"
        name="description"
        onChange={[Function]}
        placeholder="Aprender ..."
        type="text"
        value=""
      />
      <button
        className="btn btn-outline-primary btn-block mt-1"
        type="submit"
      >
        Agregar
      </button>
    </div>
  </form>
</Fragment>
`;
